----------------------------------------------------------------------------------------------
1. compile
----------------------------------------------------------------------------------------------
[root@node1 blcr-0.8.5]# pwd
/root/soft/blcr-0.8.5

[root@node1 build]# 
../configure --prefix=/usr/local/blcr-0.8.5 \
--with-linux=`uname -r` \
--with-linux-src=/usr/src/kernels/2.6.32-131.0.15.el6.x86_64 \
--with-system-map=/boot/System.map-2.6.32-131.0.15.el6.x86_64 \
--with-vmlinux=/boot			
-----------------
[root@node1 blcr-0.8.5]# ./configure \
--with-sytem-map=/boot/System.map-2.6.32-131.0.15.el6.x86_64 \
--with-linux=/usr/src/kernels/2.6.32-131.0.15.el6.x86_64
----------------------------------------------------------------------------------------------
2. config
----------------------------------------------------------------------------------------------
[root@node1 blcr-0.8.5]# vi ~/.bashrc
#blcr
export BLCR_HOME=/usr/local/blcr-0.8.5
export PATH=$BLCR_HOME/bin:$PATH
export C_INCLUDE_PATH=$BLCR_HOME/include:$C_INCLUDE_PATH
export LD_LIBRARY_PATH=$BLCR_HOME/lib:$LD_LIBRARY_PATH
export MANPATH=$BLCR_HOME/share/man:$MANPATH

[root@node1 man]# vi /etc/man.config 
MANPATH /usr/local/blcr-0.8.5/share/man
----------------------------------------------------------------------------------------------
3. application
----------------------------------------------------------------------------------------------
#include <stdio.h>  
  
int main(int argc, char *argv[])  
{  
    int result = 0;  
    int i;  
  
    printf("crtest starting with\n");  
  
    for (i = 0; i < 100; i++) {  
        result += 1;  
        printf("%d\n", result);  
        sleep(1);  
    }  
  
    return 0;  
}  
----------------------------------------------------------------------------------------------
4. install blcr kernel module
----------------------------------------------------------------------------------------------
vi insmod.sh
insmod /root/program/clib/blcr-0.8.5/lib/blcr/2.6.32-131.0.15.el6.x86_64/blcr_imports.ko
insmod /root/program/clib/blcr-0.8.5/lib/blcr/2.6.32-131.0.15.el6.x86_64/blcr.ko 
lsmod|grep blcr
service smb restart
----------------------------------------------------------------------------------------------
5. test
----------------------------------------------------------------------------------------------
1) 运行测试程序， cr_run ./crtest， 因为测试程序没有动态链接lcr库，所以这里要用cr_run运行。
2) ps aux 找到测试程序的pid
3) cr_checkpoint <pid>，会在当前目录生成快照文件context_<pid>，等待测试程序结束（或者直接kill掉这个测试程序）
4) cr_restart context_<pid> 可以看到测试程序从步骤3拍快照的地方继续执行了
----------------------------------------------------------------------------------------------
6. install rpmtools
----------------------------------------------------------------------------------------------
yum install rpmdevtools
yum install rpmlint
----------------------------------------------------------------------------------------------
7. rpm  (build for the running kernel)  --prefix=/usr --enable-multilib
----------------------------------------------------------------------------------------------
If building as root, built RPMs will be placed in a subdirectory of /usr/src/redhat/RPMS
[root@node1 soft]# uname -p
x86_64
[root@node1 soft]# rpmbuild --rebuild blcr-0.8.5-1.src.rpm --target x86_64  
configure: error: --enable-multilib requested but FAILED sub-configure for 32-bit libs
error: Bad exit status from /var/tmp/rpm-tmp.SC9A5K (%build)
********************************if no 32-bit support, add {--define 'with_multilib 0'}
[root@node1 soft]# rpmbuild --rebuild blcr-0.8.5-1.src.rpm --target x86_64  --define 'with_multilib 0'
[root@node1 soft]# ll ~/rpmbuild/RPMS/x86_64/
total 1876
-rw-r--r-- 1 root root   82675 Dec  8 23:26 blcr-0.8.5-1.x86_64.rpm
-rw-r--r-- 1 root root   32244 Dec  8 23:26 blcr-devel-0.8.5-1.x86_64.rpm
-rw-r--r-- 1 root root   43539 Dec  8 23:26 blcr-libs-0.8.5-1.x86_64.rpm
-rw-r--r-- 1 root root 1412614 Dec  8 23:26 blcr-modules_2.6.32_131.0.15.el6.x86_64-0.8.5-1.x86_64.rpm
-rw-r--r-- 1 root root  343275 Dec  8 23:26 blcr-testsuite-0.8.5-1.x86_64.rpm
----------------------------------------------------------------------------------------------
----------------------------------------------------------------------------------------------
----------------------------------------------------------------------------------------------
----------------------------------------------------------------------------------------------
----------------------------------------------------------------------------------------------
----------------------------------------------------------------------------------------------
----------------------------------------------------------------------------------------------
----------------------------------------------------------------------------------------------
----------------------------------------------------------------------------------------------
----------------------------------------------------------------------------------------------
----------------------------------------------------------------------------------------------
----------------------------------------------------------------------------------------------
----------------------------------------------------------------------------------------------
----------------------------------------------------------------------------------------------
----------------------------------------------------------------------------------------------
----------------------------------------------------------------------------------------------
----------------------------------------------------------------------------------------------
----------------------------------------------------------------------------------------------
----------------------------------------------------------------------------------------------
----------------------------------------------------------------------------------------------
----------------------------------------------------------------------------------------------
