----------------------------------------------------------------
Singular Value Decomposition (SVD) 
Designed to reduce noise in large matrices, thereby making them smaller and easier to work on 
As a precursor to clustering, recommenders, and classification to do feature selection automatically 
----------------------------------------------------------------
0. env   
----------------------------------------------------------------
node1
PHD-1.0.2
MAHOUT-0.7
----------
MovieLens 100k - Consists of 100,000 ratings from 1000 users on 1700 movies.
MovieLens 1M - Consists of 1 million ratings from 6000 users on 4000 movies.
MovieLens 10M - Consists of 10 million ratings and 100,000 tag applications applied to 10,000 movies by 72,000 users.
----------------------------------------------------------------
1. put data to hdfs
----------------------------------------------------------------
[root@node1 hamster]# hadoop fs -mkdir -p /user/root/mahout/svd/input
//[root@node1 hamster]# wget http://www.cs.ucy.ac.cy/courses/EPL451/lectures/Lab/LastFMartist_tags.tar.gz
[root@node1 hamster]# wget http://www.grouplens.org/system/files/ml-1m.zip
[root@node1 hamster]# unzip ml-1m.zip 
[root@node1 hamster]# cd ml-1m
[root@node1 ml-1m]# cat ratings.dat |sed -e s/::/,/g| cut -d, -f1,2,3 > ratings.csv 
[root@node1 hamster]# hadoop fs -put ./ml-1m/ratings.csv /user/root/mahout/svd/input
----------------------------------------------------------------
2-1. seqdirectory
----------------------------------------------------------------
mahout seqdirectory \
    -i /user/root/mahout/svd/input \
    -o /user/root/mahout/svd/seqdir \
    --charset UTF-8
------result
[root@node1 hamster]# hadoop fs -ls /user/root/mahout/svd/seqdir
-rw-r--r--   3 root supergroup   11553559 2013-09-17 18:28 /user/root/mahout/svd/seqdir/chunk-0
----------------------------------------------------------------
2-2. seq2sparse  (Several MapReduce Jobs)
----------------------------------------------------------------
mahout seq2sparse -i /user/root/mahout/svd/seqdir \
    -o /user/root/mahout/svd/sparseVectors \
    --namedVector \
    -wt tf
---------- if JVM heap problem
mahout seq2sparse -Dmapred.child.java.opts=-Xmx1024M \
-i /user/root/mahout/svd/seqdir \
-o /user/root/mahout/svd/sparseVectors \
--namedVector \
-wt tfidf
------result
[root@node1 ml-1m]# hadoop fs -ls -R /user/root/mahout/svd/sparseVectors
-rw-r--r--   3 root supergroup         85 2013-09-17 23:29 /user/root/mahout/svd/sparseVectors/dictionary.file-0
drwxr-xr-x   - root supergroup          0 2013-09-17 23:29 /user/root/mahout/svd/sparseVectors/tf-vectors
-rw-r--r--   3 root supergroup          0 2013-09-17 23:29 /user/root/mahout/svd/sparseVectors/tf-vectors/_SUCCESS
-rw-r--r--   3 root supergroup         90 2013-09-17 23:29 /user/root/mahout/svd/sparseVectors/tf-vectors/part-r-00000
drwxr-xr-x   - root supergroup          0 2013-09-17 23:28 /user/root/mahout/svd/sparseVectors/tokenized-documents
-rw-r--r--   3 root supergroup          0 2013-09-17 23:28 /user/root/mahout/svd/sparseVectors/tokenized-documents/_SUCCESS
-rw-r--r--   3 root supergroup   11553570 2013-09-17 23:28 /user/root/mahout/svd/sparseVectors/tokenized-documents/part-m-00000
drwxr-xr-x   - root supergroup          0 2013-09-17 23:29 /user/root/mahout/svd/sparseVectors/wordcount
-rw-r--r--   3 root supergroup          0 2013-09-17 23:29 /user/root/mahout/svd/sparseVectors/wordcount/_SUCCESS
-rw-r--r--   3 root supergroup         86 2013-09-17 23:29 /user/root/mahout/svd/sparseVectors/wordcount/part-r-00000
----------------------------------------------------------------
2-3. rowid
----------------------------------------------------------------
mahout rowid \
    -i /user/root/mahout/svd/sparseVectors/tf-vectors \
    -o /user/root/mahout/svd/matrix
--------
[root@node1 hamster]# hadoop fs -ls -R /user/root/mahout/svd/matrix
-rw-r--r--   3 root supergroup        128 2013-09-17 23:33 /user/root/mahout/svd/matrix/docIndex
-rw-r--r--   3 root supergroup        140 2013-09-17 23:33 /user/root/mahout/svd/matrix/matrix
----------------------------------------------------------------
3. SVD  (not finished)
----------------------------------------------------------------
mahout svd \
--input /user/root/mahout/svd/matrix/matrix \
--numRows 6000 \
--numCols 4000 \
--rank 50 \
--output /user/root/mahout/svd/svd_out \
--tempDir /user/root/mahout/svd/tmp



	
//////////////////////////////////////
    /mahout-distribution-0.7/bin/mahout svd
    -i /vectors/tfidf-vectors/
    -o /svd-values/
    --numRows 100
    --numCols 591
    -r 100

mahout svd \
--input /user/root/mahout/svd/sparseVectors/tfidf-vectors \
--numRows 6050 \
--numCols 4000 \
--rank 150 \
--output /user/root/mahout/svd/svd_out \
--tempDir /user/root/mahout/svd/tmp \
--cleansvd true




mahout svd \
--input /user/root/mahout/svd/seqdir/chunk-0 \
--numRows 6040 \
--numCols 3952 \
--rank 3 \
--output /user/root/mahout/svd/svd_out
-----------
<MAHOUT_HOME>/bin/mahout svd \
--input (-i) <Path to input matrix> \  
--output (-o) <The directory pathname for output> \  
--numRows (-nr) <Number of rows of the input matrix> \  
--numCols (-nc) <Number of columns of the input matrix> \
--rank (-r) <Desired decomposition rank> \
--symmetric (-sym) <Is the input matrix square and symmetric> \ 
--cleansvd "true"   \
--maxError <maximum allowed error. Default is 0.5> \
--minEigenvalue <minimum allowed eigenvalue. Default is 0.0> \
--inMemory <true if the eigenvectors can all fit into memory. Default false>
----------------------------------------------------------------
4. 
----------------------------------------------------------------
